// Jest Snapshot v1, https://goo.gl/fbAQLP

exports[`src/pages/home/index.tsx Render Home page 1`] = `<div />`;

exports[`src/pages/home/index.tsx Render Home page 2`] = `
<div>
  <div
    class="home"
  >
    <div
      class="container"
    >
      <input
        id="search"
        placeholder="Search"
        type="text"
      />
      <div
        class="planets"
      >
        <h2>
          Total planets found: 
          0
          <br />
          Total population: 
          0
        </h2>
      </div>
    </div>
  </div>
</div>
`;
